// Jest Snapshot v1, https://goo.gl/fbAQLP

exports[`analyse #node should throw error with invalid type 1`] = `"Failed to parse, unknown entity type 'Unknown'"`;
